      Name: cd_null
      Rank: 3
Dimensions: 0 x 1 x 10
Class Type: Double Precision Array (complex)
 Data Type: IEEE 754 double-precision
{
I can't print more than 2 dimensions
}
